[01-Jul-2026 22:31:22 Europe/Istanbul] PHP Fatal error:  Uncaught Error: Class "App\Controllers\ServiceController" not found in C:\Users\Ali\OneDrive\Masaüstü\alanya-directory\ersan-hafriyat\app\Core\Router.php:77
Stack trace:
#0 C:\Users\Ali\OneDrive\Masaüstü\alanya-directory\ersan-hafriyat\app\Core\Router.php(57): App\Core\Router->invoke(Array, Array)
#1 C:\Users\Ali\OneDrive\Masaüstü\alanya-directory\ersan-hafriyat\public\index.php(33): App\Core\Router->dispatch('GET', '/hizmetler')
#2 C:\Users\Ali\OneDrive\Masaüstü\alanya-directory\ersan-hafriyat\public\router.php(17): require('C:\\Users\\Ali\\On...')
#3 {main}
  thrown in C:\Users\Ali\OneDrive\Masaüstü\alanya-directory\ersan-hafriyat\app\Core\Router.php on line 77
[01-Jul-2026 22:31:22 Europe/Istanbul] PHP Fatal error:  Uncaught Error: Class "App\Controllers\SitemapController" not found in C:\Users\Ali\OneDrive\Masaüstü\alanya-directory\ersan-hafriyat\app\Core\Router.php:77
Stack trace:
#0 C:\Users\Ali\OneDrive\Masaüstü\alanya-directory\ersan-hafriyat\app\Core\Router.php(57): App\Core\Router->invoke(Array, Array)
#1 C:\Users\Ali\OneDrive\Masaüstü\alanya-directory\ersan-hafriyat\public\index.php(33): App\Core\Router->dispatch('GET', '/robots.txt')
#2 C:\Users\Ali\OneDrive\Masaüstü\alanya-directory\ersan-hafriyat\public\router.php(17): require('C:\\Users\\Ali\\On...')
#3 {main}
  thrown in C:\Users\Ali\OneDrive\Masaüstü\alanya-directory\ersan-hafriyat\app\Core\Router.php on line 77
[01-Jul-2026 22:35:57 Europe/Istanbul] PHP Fatal error:  Uncaught Error: Class "App\Controllers\ServiceController" not found in C:\Users\Ali\OneDrive\Masaüstü\alanya-directory\ersan-hafriyat\app\Core\Router.php:77
Stack trace:
#0 C:\Users\Ali\OneDrive\Masaüstü\alanya-directory\ersan-hafriyat\app\Core\Router.php(57): App\Core\Router->invoke(Array, Array)
#1 C:\Users\Ali\OneDrive\Masaüstü\alanya-directory\ersan-hafriyat\public\index.php(33): App\Core\Router->dispatch('GET', '/hizmetler')
#2 C:\Users\Ali\OneDrive\Masaüstü\alanya-directory\ersan-hafriyat\public\router.php(17): require('C:\\Users\\Ali\\On...')
#3 {main}
  thrown in C:\Users\Ali\OneDrive\Masaüstü\alanya-directory\ersan-hafriyat\app\Core\Router.php on line 77
[01-Jul-2026 22:37:10 Europe/Istanbul] PHP Fatal error:  Uncaught Error: Class "App\Controllers\ServiceController" not found in C:\Users\Ali\OneDrive\Masaüstü\alanya-directory\ersan-hafriyat\app\Core\Router.php:77
Stack trace:
#0 C:\Users\Ali\OneDrive\Masaüstü\alanya-directory\ersan-hafriyat\app\Core\Router.php(57): App\Core\Router->invoke(Array, Array)
#1 C:\Users\Ali\OneDrive\Masaüstü\alanya-directory\ersan-hafriyat\public\index.php(33): App\Core\Router->dispatch('GET', '/hizmetler')
#2 C:\Users\Ali\OneDrive\Masaüstü\alanya-directory\ersan-hafriyat\public\router.php(17): require('C:\\Users\\Ali\\On...')
#3 {main}
  thrown in C:\Users\Ali\OneDrive\Masaüstü\alanya-directory\ersan-hafriyat\app\Core\Router.php on line 77
[01-Jul-2026 22:37:12 Europe/Istanbul] PHP Fatal error:  Uncaught Error: Class "App\Controllers\EquipmentController" not found in C:\Users\Ali\OneDrive\Masaüstü\alanya-directory\ersan-hafriyat\app\Core\Router.php:77
Stack trace:
#0 C:\Users\Ali\OneDrive\Masaüstü\alanya-directory\ersan-hafriyat\app\Core\Router.php(57): App\Core\Router->invoke(Array, Array)
#1 C:\Users\Ali\OneDrive\Masaüstü\alanya-directory\ersan-hafriyat\public\index.php(33): App\Core\Router->dispatch('GET', '/makine-parkuru')
#2 C:\Users\Ali\OneDrive\Masaüstü\alanya-directory\ersan-hafriyat\public\router.php(17): require('C:\\Users\\Ali\\On...')
#3 {main}
  thrown in C:\Users\Ali\OneDrive\Masaüstü\alanya-directory\ersan-hafriyat\app\Core\Router.php on line 77
[01-Jul-2026 22:37:18 Europe/Istanbul] PHP Fatal error:  Uncaught Error: Class "App\Controllers\ContactController" not found in C:\Users\Ali\OneDrive\Masaüstü\alanya-directory\ersan-hafriyat\app\Core\Router.php:77
Stack trace:
#0 C:\Users\Ali\OneDrive\Masaüstü\alanya-directory\ersan-hafriyat\app\Core\Router.php(57): App\Core\Router->invoke(Array, Array)
#1 C:\Users\Ali\OneDrive\Masaüstü\alanya-directory\ersan-hafriyat\public\index.php(33): App\Core\Router->dispatch('GET', '/iletisim')
#2 C:\Users\Ali\OneDrive\Masaüstü\alanya-directory\ersan-hafriyat\public\router.php(17): require('C:\\Users\\Ali\\On...')
#3 {main}
  thrown in C:\Users\Ali\OneDrive\Masaüstü\alanya-directory\ersan-hafriyat\app\Core\Router.php on line 77
[01-Jul-2026 22:42:49 Europe/Istanbul] PHP Fatal error:  Uncaught RuntimeException: Görünüm bulunamadı: equipment/index in C:\Users\Ali\OneDrive\Masaüstü\alanya-directory\ersan-hafriyat\app\Core\View.php:34
Stack trace:
#0 C:\Users\Ali\OneDrive\Masaüstü\alanya-directory\ersan-hafriyat\app\Core\View.php(19): App\Core\View::renderPartial('equipment/index', Array)
#1 C:\Users\Ali\OneDrive\Masaüstü\alanya-directory\ersan-hafriyat\app\Core\View.php(44): App\Core\View::render('equipment/index', Array, 'layouts/app')
#2 C:\Users\Ali\OneDrive\Masaüstü\alanya-directory\ersan-hafriyat\app\Core\Controller.php(11): App\Core\View::display('equipment/index', Array, 'layouts/app')
#3 C:\Users\Ali\OneDrive\Masaüstü\alanya-directory\ersan-hafriyat\app\Controllers\EquipmentController.php(14): App\Core\Controller->view('equipment/index', Array)
#4 C:\Users\Ali\OneDrive\Masaüstü\alanya-directory\ersan-hafriyat\app\Core\Router.php(78): App\Controllers\EquipmentController->index(Array)
#5 C:\Users\Ali\OneDrive\Masaüstü\alanya-directory\ersan-hafriyat\app\Core\Router.php(57): App\Core\Router->invoke(Array, Array)
#6 C:\Users\Ali\OneDrive\Masaüstü\alanya-directory\ersan-hafriyat\public\index.php(33): App\Core\Router->dispatch('GET', '/makine-parkuru')
#7 C:\Users\Ali\OneDrive\Masaüstü\alanya-directory\ersan-hafriyat\public\router.php(17): require('C:\\Users\\Ali\\On...')
#8 {main}
  thrown in C:\Users\Ali\OneDrive\Masaüstü\alanya-directory\ersan-hafriyat\app\Core\View.php on line 34
[01-Jul-2026 22:43:15 Europe/Istanbul] PHP Fatal error:  Uncaught RuntimeException: Görünüm bulunamadı: equipment/index in C:\Users\Ali\OneDrive\Masaüstü\alanya-directory\ersan-hafriyat\app\Core\View.php:34
Stack trace:
#0 C:\Users\Ali\OneDrive\Masaüstü\alanya-directory\ersan-hafriyat\app\Core\View.php(19): App\Core\View::renderPartial('equipment/index', Array)
#1 C:\Users\Ali\OneDrive\Masaüstü\alanya-directory\ersan-hafriyat\app\Core\View.php(44): App\Core\View::render('equipment/index', Array, 'layouts/app')
#2 C:\Users\Ali\OneDrive\Masaüstü\alanya-directory\ersan-hafriyat\app\Core\Controller.php(11): App\Core\View::display('equipment/index', Array, 'layouts/app')
#3 C:\Users\Ali\OneDrive\Masaüstü\alanya-directory\ersan-hafriyat\app\Controllers\EquipmentController.php(14): App\Core\Controller->view('equipment/index', Array)
#4 C:\Users\Ali\OneDrive\Masaüstü\alanya-directory\ersan-hafriyat\app\Core\Router.php(78): App\Controllers\EquipmentController->index(Array)
#5 C:\Users\Ali\OneDrive\Masaüstü\alanya-directory\ersan-hafriyat\app\Core\Router.php(57): App\Core\Router->invoke(Array, Array)
#6 C:\Users\Ali\OneDrive\Masaüstü\alanya-directory\ersan-hafriyat\public\index.php(33): App\Core\Router->dispatch('GET', '/makine-parkuru')
#7 C:\Users\Ali\OneDrive\Masaüstü\alanya-directory\ersan-hafriyat\public\router.php(17): require('C:\\Users\\Ali\\On...')
#8 {main}
  thrown in C:\Users\Ali\OneDrive\Masaüstü\alanya-directory\ersan-hafriyat\app\Core\View.php on line 34
[02-Jul-2026 01:58:41 Europe/Istanbul] PHP Fatal error:  Uncaught Error: Class "App\Services\License\LicenseService" not found in C:\Users\Ali\OneDrive\Masaüstü\alanya-directory\ersan-hafriyat\public\index.php:32
Stack trace:
#0 C:\Users\Ali\OneDrive\Masaüstü\alanya-directory\ersan-hafriyat\public\router.php(17): require()
#1 {main}
  thrown in C:\Users\Ali\OneDrive\Masaüstü\alanya-directory\ersan-hafriyat\public\index.php on line 32
[02-Jul-2026 01:58:42 Europe/Istanbul] PHP Fatal error:  Uncaught Error: Class "App\Services\License\LicenseService" not found in C:\Users\Ali\OneDrive\Masaüstü\alanya-directory\ersan-hafriyat\public\index.php:32
Stack trace:
#0 C:\Users\Ali\OneDrive\Masaüstü\alanya-directory\ersan-hafriyat\public\router.php(17): require()
#1 {main}
  thrown in C:\Users\Ali\OneDrive\Masaüstü\alanya-directory\ersan-hafriyat\public\index.php on line 32
[02-Jul-2026 01:58:48 Europe/Istanbul] PHP Fatal error:  Uncaught Error: Class "App\Services\License\LicenseService" not found in C:\Users\Ali\OneDrive\Masaüstü\alanya-directory\ersan-hafriyat\public\index.php:32
Stack trace:
#0 C:\Users\Ali\OneDrive\Masaüstü\alanya-directory\ersan-hafriyat\public\router.php(17): require()
#1 {main}
  thrown in C:\Users\Ali\OneDrive\Masaüstü\alanya-directory\ersan-hafriyat\public\index.php on line 32
[02-Jul-2026 01:58:49 Europe/Istanbul] PHP Fatal error:  Uncaught Error: Class "App\Services\License\LicenseService" not found in C:\Users\Ali\OneDrive\Masaüstü\alanya-directory\ersan-hafriyat\public\index.php:32
Stack trace:
#0 C:\Users\Ali\OneDrive\Masaüstü\alanya-directory\ersan-hafriyat\public\router.php(17): require()
#1 {main}
  thrown in C:\Users\Ali\OneDrive\Masaüstü\alanya-directory\ersan-hafriyat\public\index.php on line 32
[02-Jul-2026 01:59:03 Europe/Istanbul] PHP Fatal error:  Uncaught Error: Class "App\Services\License\LicenseService" not found in C:\Users\Ali\OneDrive\Masaüstü\alanya-directory\ersan-hafriyat\public\index.php:32
Stack trace:
#0 C:\Users\Ali\OneDrive\Masaüstü\alanya-directory\ersan-hafriyat\public\router.php(17): require()
#1 {main}
  thrown in C:\Users\Ali\OneDrive\Masaüstü\alanya-directory\ersan-hafriyat\public\index.php on line 32
[02-Jul-2026 01:59:03 Europe/Istanbul] PHP Fatal error:  Uncaught Error: Class "App\Services\License\LicenseService" not found in C:\Users\Ali\OneDrive\Masaüstü\alanya-directory\ersan-hafriyat\public\index.php:32
Stack trace:
#0 C:\Users\Ali\OneDrive\Masaüstü\alanya-directory\ersan-hafriyat\public\router.php(17): require()
#1 {main}
  thrown in C:\Users\Ali\OneDrive\Masaüstü\alanya-directory\ersan-hafriyat\public\index.php on line 32
[02-Jul-2026 01:59:15 Europe/Istanbul] PHP Fatal error:  Uncaught Error: Class "App\Services\License\LicenseService" not found in C:\Users\Ali\OneDrive\Masaüstü\alanya-directory\ersan-hafriyat\public\index.php:32
Stack trace:
#0 C:\Users\Ali\OneDrive\Masaüstü\alanya-directory\ersan-hafriyat\public\router.php(17): require()
#1 {main}
  thrown in C:\Users\Ali\OneDrive\Masaüstü\alanya-directory\ersan-hafriyat\public\index.php on line 32
[02-Jul-2026 01:59:16 Europe/Istanbul] PHP Fatal error:  Uncaught Error: Class "App\Services\License\LicenseService" not found in C:\Users\Ali\OneDrive\Masaüstü\alanya-directory\ersan-hafriyat\public\index.php:32
Stack trace:
#0 C:\Users\Ali\OneDrive\Masaüstü\alanya-directory\ersan-hafriyat\public\router.php(17): require()
#1 {main}
  thrown in C:\Users\Ali\OneDrive\Masaüstü\alanya-directory\ersan-hafriyat\public\index.php on line 32
[02-Jul-2026 02:00:05 Europe/Istanbul] PHP Fatal error:  Uncaught Error: Class "App\Services\License\LicenseService" not found in C:\Users\Ali\OneDrive\Masaüstü\alanya-directory\ersan-hafriyat\public\index.php:32
Stack trace:
#0 C:\Users\Ali\OneDrive\Masaüstü\alanya-directory\ersan-hafriyat\public\router.php(17): require()
#1 {main}
  thrown in C:\Users\Ali\OneDrive\Masaüstü\alanya-directory\ersan-hafriyat\public\index.php on line 32
[02-Jul-2026 02:00:06 Europe/Istanbul] PHP Fatal error:  Uncaught Error: Class "App\Services\License\LicenseService" not found in C:\Users\Ali\OneDrive\Masaüstü\alanya-directory\ersan-hafriyat\public\index.php:32
Stack trace:
#0 C:\Users\Ali\OneDrive\Masaüstü\alanya-directory\ersan-hafriyat\public\router.php(17): require()
#1 {main}
  thrown in C:\Users\Ali\OneDrive\Masaüstü\alanya-directory\ersan-hafriyat\public\index.php on line 32
[02-Jul-2026 02:00:16 Europe/Istanbul] PHP Fatal error:  Uncaught Error: Class "App\Services\License\LicenseService" not found in C:\Users\Ali\OneDrive\Masaüstü\alanya-directory\ersan-hafriyat\public\index.php:32
Stack trace:
#0 C:\Users\Ali\OneDrive\Masaüstü\alanya-directory\ersan-hafriyat\public\router.php(17): require()
#1 {main}
  thrown in C:\Users\Ali\OneDrive\Masaüstü\alanya-directory\ersan-hafriyat\public\index.php on line 32
[02-Jul-2026 02:00:17 Europe/Istanbul] PHP Fatal error:  Uncaught Error: Class "App\Services\License\LicenseService" not found in C:\Users\Ali\OneDrive\Masaüstü\alanya-directory\ersan-hafriyat\public\index.php:32
Stack trace:
#0 C:\Users\Ali\OneDrive\Masaüstü\alanya-directory\ersan-hafriyat\public\router.php(17): require()
#1 {main}
  thrown in C:\Users\Ali\OneDrive\Masaüstü\alanya-directory\ersan-hafriyat\public\index.php on line 32
[02-Jul-2026 02:00:18 Europe/Istanbul] PHP Fatal error:  Uncaught Error: Class "App\Services\License\LicenseService" not found in C:\Users\Ali\OneDrive\Masaüstü\alanya-directory\ersan-hafriyat\public\index.php:32
Stack trace:
#0 C:\Users\Ali\OneDrive\Masaüstü\alanya-directory\ersan-hafriyat\public\router.php(17): require()
#1 {main}
  thrown in C:\Users\Ali\OneDrive\Masaüstü\alanya-directory\ersan-hafriyat\public\index.php on line 32
[02-Jul-2026 02:00:32 Europe/Istanbul] PHP Fatal error:  Uncaught Error: Class "App\Services\License\LicenseService" not found in C:\Users\Ali\OneDrive\Masaüstü\alanya-directory\ersan-hafriyat\public\index.php:32
Stack trace:
#0 C:\Users\Ali\OneDrive\Masaüstü\alanya-directory\ersan-hafriyat\public\router.php(17): require()
#1 {main}
  thrown in C:\Users\Ali\OneDrive\Masaüstü\alanya-directory\ersan-hafriyat\public\index.php on line 32
[02-Jul-2026 02:00:37 Europe/Istanbul] PHP Fatal error:  Uncaught Error: Class "App\Services\License\LicenseService" not found in C:\Users\Ali\OneDrive\Masaüstü\alanya-directory\ersan-hafriyat\public\index.php:32
Stack trace:
#0 C:\Users\Ali\OneDrive\Masaüstü\alanya-directory\ersan-hafriyat\public\router.php(17): require()
#1 {main}
  thrown in C:\Users\Ali\OneDrive\Masaüstü\alanya-directory\ersan-hafriyat\public\index.php on line 32
[02-Jul-2026 02:01:08 Europe/Istanbul] PHP Fatal error:  Uncaught Error: Class "App\Services\License\LicenseService" not found in C:\Users\Ali\OneDrive\Masaüstü\alanya-directory\ersan-hafriyat\public\index.php:32
Stack trace:
#0 C:\Users\Ali\OneDrive\Masaüstü\alanya-directory\ersan-hafriyat\public\router.php(17): require()
#1 {main}
  thrown in C:\Users\Ali\OneDrive\Masaüstü\alanya-directory\ersan-hafriyat\public\index.php on line 32
[02-Jul-2026 02:02:21 Europe/Istanbul] PHP Fatal error:  Uncaught Error: Class "App\Services\License\LicenseService" not found in C:\Users\Ali\OneDrive\Masaüstü\alanya-directory\ersan-hafriyat\public\index.php:32
Stack trace:
#0 C:\Users\Ali\OneDrive\Masaüstü\alanya-directory\ersan-hafriyat\public\router.php(17): require()
#1 {main}
  thrown in C:\Users\Ali\OneDrive\Masaüstü\alanya-directory\ersan-hafriyat\public\index.php on line 32
[02-Jul-2026 02:06:06 Europe/Istanbul] PHP Warning:  Undefined variable $bypass in C:\Users\Ali\OneDrive\Masaüstü\alanya-directory\ersan-hafriyat\app\Views\admin\license\index.php on line 16
[02-Jul-2026 02:06:06 Europe/Istanbul] PHP Warning:  Undefined variable $serverUrl in C:\Users\Ali\OneDrive\Masaüstü\alanya-directory\ersan-hafriyat\app\Views\admin\license\index.php on line 28
[02-Jul-2026 02:06:06 Europe/Istanbul] PHP Warning:  Undefined variable $bypass in C:\Users\Ali\OneDrive\Masaüstü\alanya-directory\ersan-hafriyat\app\Views\admin\license\index.php on line 36
[02-Jul-2026 02:06:19 Europe/Istanbul] PHP Warning:  Undefined variable $bypass in C:\Users\Ali\OneDrive\Masaüstü\alanya-directory\ersan-hafriyat\app\Views\admin\license\index.php on line 16
[02-Jul-2026 02:06:19 Europe/Istanbul] PHP Warning:  Undefined variable $serverUrl in C:\Users\Ali\OneDrive\Masaüstü\alanya-directory\ersan-hafriyat\app\Views\admin\license\index.php on line 28
[02-Jul-2026 02:06:19 Europe/Istanbul] PHP Warning:  Undefined variable $bypass in C:\Users\Ali\OneDrive\Masaüstü\alanya-directory\ersan-hafriyat\app\Views\admin\license\index.php on line 36
[02-Jul-2026 02:06:42 Europe/Istanbul] PHP Warning:  Undefined variable $bypass in C:\Users\Ali\OneDrive\Masaüstü\alanya-directory\ersan-hafriyat\app\Views\admin\license\index.php on line 16
[02-Jul-2026 02:06:42 Europe/Istanbul] PHP Warning:  Undefined variable $serverUrl in C:\Users\Ali\OneDrive\Masaüstü\alanya-directory\ersan-hafriyat\app\Views\admin\license\index.php on line 28
[02-Jul-2026 02:06:42 Europe/Istanbul] PHP Warning:  Undefined variable $bypass in C:\Users\Ali\OneDrive\Masaüstü\alanya-directory\ersan-hafriyat\app\Views\admin\license\index.php on line 36
[02-Jul-2026 08:46:21 Europe/Istanbul] PHP Fatal error:  Uncaught Error: Call to undefined function contrast_darken() in C:\Users\Ali\OneDrive\Masaüstü\alanya-directory\ersan-hafriyat\app\Views\layouts\app.php:47
Stack trace:
#0 C:\Users\Ali\OneDrive\Masaüstü\alanya-directory\ersan-hafriyat\app\Core\View.php(38): include()
#1 C:\Users\Ali\OneDrive\Masaüstü\alanya-directory\ersan-hafriyat\app\Core\View.php(26): App\Core\View::renderPartial('layouts/app', Array)
#2 C:\Users\Ali\OneDrive\Masaüstü\alanya-directory\ersan-hafriyat\app\Core\View.php(44): App\Core\View::render('home', Array, 'layouts/app')
#3 C:\Users\Ali\OneDrive\Masaüstü\alanya-directory\ersan-hafriyat\app\Core\Controller.php(11): App\Core\View::display('home', Array, 'layouts/app')
#4 C:\Users\Ali\OneDrive\Masaüstü\alanya-directory\ersan-hafriyat\app\Controllers\HomeController.php(23): App\Core\Controller->view('home', Array)
#5 C:\Users\Ali\OneDrive\Masaüstü\alanya-directory\ersan-hafriyat\app\Core\Router.php(78): App\Controllers\HomeController->index(Array)
#6 C:\Users\Ali\OneDrive\Masaüstü\alanya-directory\ersan-hafriyat\app\Core\Router.php(57): App\Core\Router->invoke(Array, Array)
#7 C:\Users\Ali\OneDrive\Masaüstü\alanya-directory\ersan-hafriyat\public\index.php(48): App\Core\Router->dispatch('GET', '/')
#8 C:\Users\Ali\OneDrive\Masaüstü\alanya-directory\ersan-hafriyat\public\router.php(17): require('C:\\Users\\Ali\\On...')
#9 {main}
  thrown in C:\Users\Ali\OneDrive\Masaüstü\alanya-directory\ersan-hafriyat\app\Views\layouts\app.php on line 47
[02-Jul-2026 15:51:17 Europe/Istanbul] PHP Warning:  foreach() argument must be of type array|object, string given in C:\Users\Ali\OneDrive\Masaüstü\alanya-directory\ersan-hafriyat\app\Controllers\Admin\AdminBlogController.php on line 141
